==15707== Memcheck, a memory error detector
==15707== Copyright (C) 2002-2024, and GNU GPL'd, by Julian Seward et al.
==15707== Using Valgrind-3.25.1 and LibVEX; rerun with -h for copyright info
==15707== Command: ./cub3d Map/Incorect/cut_in_the_middle.cub
==15707== 
==15707== 
==15707== HEAP SUMMARY:
==15707==     in use at exit: 29 bytes in 3 blocks
==15707==   total heap usage: 72 allocs, 69 frees, 15,956 bytes allocated
==15707== 
==15707== 6 bytes in 1 blocks are still reachable in loss record 1 of 3
==15707==    at 0x48678A8: malloc (vg_replace_malloc.c:446)
==15707==    by 0x400FC01: clean_stash (get_next_line.c:109)
==15707==    by 0x400FD24: get_next_line (get_next_line.c:130)
==15707==    by 0x4007E99: parse_map (read_map_file.c:97)
==15707==    by 0x4007B27: parsing (parsing.c:71)
==15707==    by 0x4007858: main (main.c:63)
==15707== 
==15707== 7 bytes in 1 blocks are still reachable in loss record 2 of 3
==15707==    at 0x48678A8: malloc (vg_replace_malloc.c:446)
==15707==    by 0x400FA07: generate_lines (get_next_line.c:60)
==15707==    by 0x400FA4A: extract_line (get_next_line.c:71)
==15707==    by 0x400FD15: get_next_line (get_next_line.c:129)
==15707==    by 0x4007E99: parse_map (read_map_file.c:97)
==15707==    by 0x4007B27: parsing (parsing.c:71)
==15707==    by 0x4007858: main (main.c:63)
==15707== 
==15707== 16 bytes in 1 blocks are still reachable in loss record 3 of 3
==15707==    at 0x48678A8: malloc (vg_replace_malloc.c:446)
==15707==    by 0x400FB60: clean_stash (get_next_line.c:102)
==15707==    by 0x400FD24: get_next_line (get_next_line.c:130)
==15707==    by 0x4007E99: parse_map (read_map_file.c:97)
==15707==    by 0x4007B27: parsing (parsing.c:71)
==15707==    by 0x4007858: main (main.c:63)
==15707== 
==15707== LEAK SUMMARY:
==15707==    definitely lost: 0 bytes in 0 blocks
==15707==    indirectly lost: 0 bytes in 0 blocks
==15707==      possibly lost: 0 bytes in 0 blocks
==15707==    still reachable: 29 bytes in 3 blocks
==15707==         suppressed: 0 bytes in 0 blocks
==15707== 
==15707== For lists of detected and suppressed errors, rerun with: -s
==15707== ERROR SUMMARY: 0 errors from 0 contexts (suppressed: 0 from 0)
